MSBUILD : error MSB1011: Specify which project or solution file to use because this folder contains more than one project or solution file.

Workload updates are available. Run `dotnet workload list` for more information.
